// Jest Snapshot v1, https://goo.gl/fbAQLP

exports[`Trees.vue renders correctly 1`] = `
<div
  class="trees-container"
>
  <logo-stub />
   
  <p>
    "On the last day of the world I would want to plant a tree."
  </p>
   
  <p>
    â€• W.S. Merwin
  </p>
   
  <div
    class="trees-container__display"
  >
    <div
      class="trees-container__display-inner"
    >
      <tree-card-stub
        tree="[object Object]"
      />
    </div>
  </div>
</div>
`;
